#-----------------------------------------------------------
# Vivado v2024.1 (64-bit)
# SW Build 5076996 on Wed May 22 18:37:14 MDT 2024
# IP Build 5075265 on Wed May 22 21:45:21 MDT 2024
# SharedData Build 5076995 on Wed May 22 18:29:18 MDT 2024
# Start of session at: Tue Jun 17 13:11:32 2025
# Process ID: 12732
# Current directory: C:/Users/davil/Cafetera/Trabajo-VHDL/Cafetera_3/Cafetera_3.runs/synth_1
# Command line: vivado.exe -log Top.vds -product Vivado -mode batch -messageDb vivado.pb -notrace -source Top.tcl
# Log file: C:/Users/davil/Cafetera/Trabajo-VHDL/Cafetera_3/Cafetera_3.runs/synth_1/Top.vds
# Journal file: C:/Users/davil/Cafetera/Trabajo-VHDL/Cafetera_3/Cafetera_3.runs/synth_1\vivado.jou
# Running On        :LAPTOP-H6475K6F
# Platform          :Windows Server 2016 or Windows 10
# Operating System  :26100
# Processor Detail  :12th Gen Intel(R) Core(TM) i5-12450H
# CPU Frequency     :2496 MHz
# CPU Physical cores:8
# CPU Logical cores :12
# Host memory       :8300 MB
# Swap memory       :16106 MB
# Total Virtual     :24406 MB
# Available Virtual :4927 MB
#-----------------------------------------------------------
source Top.tcl -notrace
